
> template-hub-cm@0.1.0 build
> prisma generate && next build

node.exe : warn The configuration property `package.json#prisma` is deprecated 
and will be removed in Prisma 7. Please migrate to a Prisma config file (e.g., 
`prisma.config.ts`).
Au caractère Ligne:1 : 1
+ & "C:\Program Files\nodejs/node.exe" "C:\Program Files\nodejs/node_mo ...
+ ~~~~~~~~~~~~~~~~~~~~~~~~~~~~~~~~~~~~~~~~~~~~~~~~~~~~~~~~~~~~~~~~~~~~~
    + CategoryInfo          : NotSpecified: (warn The config...ma.config.ts`). 
   :String) [], RemoteException
    + FullyQualifiedErrorId : NativeCommandError
 
For more information, see: https://pris.ly/prisma-config

Environment variables loaded from .env
Prisma schema loaded from prisma\schema.prisma

Ô£ö Generated Prisma Client (v6.19.3) to .\node_modules\@prisma\client in 1.68s

Start by importing your Prisma Client (See: https://pris.ly/d/importing-client)

Tip: Want to turn off tips and other hints? https://pris.ly/tip-4-nohints

Ôû▓ Next.js 16.2.7 (Turbopack)
- Environments: .env

ÔÜá The "middleware" file convention is deprecated. Please use "proxy" 
instead. Learn more: https://nextjs.org/docs/messages/middleware-to-proxy
  Creating an optimized production build ...
Ô£ô Compiled successfully in 36.9s
  Running TypeScript ...
  Finished TypeScript in 26.3s ...
  Collecting page data using 3 workers ...
  Generating static pages using 3 workers (0/12) ...
  Generating static pages using 3 workers (3/12) 
  Generating static pages using 3 workers (6/12) 
  Generating static pages using 3 workers (9/12) 
prisma:error 
Invalid `prisma.template.findMany()` invocation:


Can't reach database server at `ep-sweet-grass-a2xa0fcd-pooler.eu-central-1.aws.neon.tech:5432`

Please make sure your database server is running at `ep-sweet-grass-a2xa0fcd-pooler.eu-central-1.aws.neon.tech:5432`.
prisma:error 
Invalid `prisma.category.findMany()` invocation:


Can't reach database server at `ep-sweet-grass-a2xa0fcd-pooler.eu-central-1.aws.neon.tech:5432`

Please make sure your database server is running at `ep-sweet-grass-a2xa0fcd-pooler.eu-central-1.aws.neon.tech:5432`.
Ô£ô Generating static pages using 3 workers (12/12) in 12.0s
  Finalizing page optimization ...

Route (app)
Ôöî ãÆ /
Ôö£ Ôùï /_not-found
Ôö£ ãÆ /admin/templates
Ôö£ ãÆ /api/auth/[...nextauth]
Ôö£ ãÆ /api/download/[purchaseId]
Ôö£ ãÆ /api/templates
Ôö£ ãÆ /api/templates/[id]/submit
Ôö£ ãÆ /api/upload
Ôö£ ãÆ /api/webhooks/paystack
Ôö£ ãÆ /categories/[slug]
Ôö£ ãÆ /checkout/[templateId]
Ôö£ ãÆ /checkout/success
Ôö£ ãÆ /dashboard
Ôö£ Ôùï /login
Ôö£ Ôùï /register
Ôö£ Ôùï /robots.txt
Ôö£ ãÆ /seller
Ôö£ ãÆ /seller/templates
Ôö£ ãÆ /seller/upload
Ôö£ Ôùï /sitemap.xml
Ôö£ ãÆ /templates
Ôö£ ãÆ /templates/[slug]
Ôöö ãÆ /verify-email


ãÆ Proxy (Middleware)

Ôùï  (Static)   prerendered as static content
ãÆ  (Dynamic)  server-rendered on demand

